[0m
                                           [38;2;60;8;0mKAIT2EN                            [0m
                                           [38;2;60;8;0mKAIT2ENKAIT2                       [0m
                                          [38;2;60;8;0mENKAIT2ENKAI                        [0m
    [38;2;60;8;0mT2ENKAIT2ENKAIT2ENKAIT2ENKAIT2        ENKAIT2ENKAI                        [0m
    [38;2;60;8;0mT2ENKAIT2ENKAIT2ENKAIT2ENKAIT2       ENKAIT2ENKAI                         [0m
    [38;2;60;8;0mT2ENKAIT2ENKAIT2ENKAIT2ENKAIT2      ENKAIT2ENKAIT                         [0m
    [38;2;60;8;0m2ENKAIT2ENKAIT2ENKAIT2ENKAIT2E      NKAIT2ENKAIT2                         [0m
    [38;2;60;8;0mENKAIT2ENKAIT2ENKAIT2ENKAIT2EN     KAIT2ENKAIT2ENKAIT2ENKAIT2ENKAIT2ENKA  [0m
                       [38;2;60;8;0mIT2ENKAIT2E    NKAIT2ENKAIT2ENKAIT2ENKAIT2ENKAIT2ENKA  [0m
                       [38;2;60;8;0mIT2ENKAIT2E    NKAIT2ENKAIT2ENKAIT2ENKAIT2ENKAIT2ENKA  [0m
                       [38;2;60;8;0mIT2ENKAIT2E   NKAIT2ENKAIT2ENKAIT2ENKAIT2ENKAIT2ENKAI  [0m
                       [38;2;60;8;0mT2ENKAIT2EN  KAIT2ENKAIT2ENKAIT2ENKAIT2ENKAIT2ENKAIT2  [0m
                       [38;2;60;8;0mENKAIT2ENKAIT2ENKAIT2ENKAIT        2ENKAIT2ENKAI       [0m
    [38;2;60;8;0mT2ENKAIT2ENKAIT2ENKAIT2ENKAIT2ENKAIT2ENKAIT2EN        KAIT2ENKAIT2        [0m
    [38;2;60;8;0mENKAIT2ENKAIT2ENKAIT2ENKAIT2ENKAIT2ENKAIT2ENKA        IT2ENKAIT2EN        [0m
    [38;2;60;8;0mKAIT2ENKAIT2ENKAIT2ENKAIT2ENKAIT2ENKAIT2ENKAIT2      ENKAIT2ENKAI         [0m
    [38;2;60;8;0mT2ENKAIT2ENKAIT2ENKAIT2ENKAIT2EN[38;2;255;255;255mKAIT2EN[38;2;60;8;0mKAIT2ENK      AIT2ENKAIT2E         [0m
    [38;2;60;8;0mNKAIT2ENKAIT2ENKAIT2ENKAIT2ENKAIT2ENKAIT2ENKAIT2    ENKAIT2ENKAI          [0m
    [38;2;60;8;0mT2ENKAIT2ENK       AIT2ENKAIT2ENKAIT2ENKAIT2ENKAI   T2ENKAIT2ENK          [0m
    [38;2;60;8;0mAIT2ENKAIT2         ENKAIT2ENK    AI  T2ENKAIT2EN  KAIT2ENKAIT2           [0m
    [38;2;60;8;0mENKAIT2ENKA                            IT2ENKAIT2ENKAIT2ENKAIT2           [0m
    [38;2;60;8;0mENKAIT2ENKA                            IT2ENKAIT2ENKAIT2ENKAIT            [0m
    [38;2;60;8;0m2ENKAIT2ENK                             AIT2ENKAIT2ENKAIT2ENK             [0m
    [38;2;60;8;0mAIT2ENKAIT2            ENK               AIT2ENKAIT2ENKAIT2E              [0m
    [38;2;60;8;0mNKAIT2ENKAI            T2ENKAI           T2ENKAIT2ENKAIT2ENK              [0m
    [38;2;60;8;0mAIT2ENKAIT2            ENKAIT2ENK         AIT2ENKAIT2ENKAIT               [0m
    [38;2;60;8;0m2ENKAIT2ENKA          IT2ENKAIT2E          NKAIT2ENKAIT2EN                [0m
    [38;2;60;8;0mKAIT2ENKAIT2ENKAIT2ENKAIT2ENKAIT2         ENKAIT2ENKAIT2ENK               [0m
     [38;2;60;8;0mAIT2ENKAIT2ENKAIT2ENKAIT2ENKAIT        2ENKAIT2ENKAIT2ENKAIT             [0m
     [38;2;60;8;0m2ENKAIT2ENKAIT2ENKAIT2ENKAIT2EN     KAIT2ENKAIT2ENKAIT2ENKAIT2           [0m
      [38;2;60;8;0mENKAIT2ENKAIT2ENKAIT2ENKAIT2    ENKAIT2ENKAIT2ENKAIT2ENKAIT2ENKA        [0m
         [38;2;60;8;0mIT2ENKAIT2ENKAIT2ENKAIT   2ENKAIT2ENKAIT2ENKAIT2ENKAIT2ENKAIT2EN     [0m
                              [38;2;60;8;0mKAIT2ENKAIT2ENKAIT2ENKA  IT2ENKAIT2ENKAIT2ENKAI [0m
                             [38;2;60;8;0mT2ENKAIT2ENKAIT2ENKAI       T2ENKAIT2ENKAIT2ENK  [0m
                               [38;2;60;8;0mAIT2ENKAIT2ENKAIT           2ENKAIT2ENKAIT2    [0m
                                [38;2;60;8;0mENKAIT2ENKAIT                 2ENKAIT2ENK     [0m
                                  [38;2;60;8;0mAIT2ENKA                       IT2ENK       [0m
                                   [38;2;60;8;0mAIT                              2E        [0m
                                                                              [0m